// Jest Snapshot v1, https://goo.gl/fbAQLP

exports[`UI render App snapshot: app-render 1`] = `
<DocumentFragment>
  <div
    style="padding-top: 20px; width: 800px; margin: 0px auto;"
  >
    <div
      class="ui container"
    >
      <table
        class="ui compact celled definition unstackable table"
      >
        <tbody>
          <tr
            style="height: 100px;"
          >
            <td
              class="two wide"
              style="text-align: center;"
            >
              <button
                class="ui button info"
                data-testid="floor-4-caller"
                style="padding: 10px; margin-top: 5px;"
              >
                4
              </button>
            </td>
            <td />
            <td />
            <td />
          </tr>
          <tr
            style="height: 100px;"
          >
            <td
              class="two wide"
              style="text-align: center;"
            >
              <button
                class="ui button info"
                data-testid="floor-3-caller"
                style="padding: 10px; margin-top: 5px;"
              >
                3
              </button>
            </td>
            <td />
            <td />
            <td />
          </tr>
          <tr
            style="height: 100px;"
          >
            <td
              class="two wide"
              style="text-align: center;"
            >
              <button
                class="ui button info"
                data-testid="floor-2-caller"
                style="padding: 10px; margin-top: 5px;"
              >
                2
              </button>
            </td>
            <td />
            <td />
            <td />
          </tr>
          <tr
            style="height: 100px;"
          >
            <td
              class="two wide"
              style="text-align: center;"
            >
              <button
                class="ui button info"
                data-testid="floor-1-caller"
                style="padding: 10px; margin-top: 5px;"
              >
                1
              </button>
            </td>
            <td />
            <td />
            <td />
          </tr>
          <tr
            style="height: 100px;"
          >
            <td
              class="two wide"
              style="text-align: center;"
            >
              <button
                class="ui button info"
                data-testid="floor-0-caller"
                style="padding: 10px; margin-top: 5px;"
              >
                0
              </button>
            </td>
            <td />
            <td />
            <td />
          </tr>
        </tbody>
        <tfoot
          class="full-width"
        >
          <tr
            style="height: 100px;"
          >
            <th />
            <th
              data-testid="elevator-0"
              style="text-align: center; position: relative; overflow: visible;"
            >
              <div>
                <button
                  class="ui button info"
                  data-testid="elevator-0-button-floor-0"
                  style="padding: 10px; margin-top: 5px;"
                >
                  0
                </button>
                <button
                  class="ui button info"
                  data-testid="elevator-0-button-floor-1"
                  style="padding: 10px; margin-top: 5px;"
                >
                  1
                </button>
                <button
                  class="ui button info"
                  data-testid="elevator-0-button-floor-2"
                  style="padding: 10px; margin-top: 5px;"
                >
                  2
                </button>
                <button
                  class="ui button info"
                  data-testid="elevator-0-button-floor-3"
                  style="padding: 10px; margin-top: 5px;"
                >
                  3
                </button>
                <button
                  class="ui button info"
                  data-testid="elevator-0-button-floor-4"
                  style="padding: 10px; margin-top: 5px;"
                >
                  4
                </button>
              </div>
              <div
                style="height: 100px; width: 100%; background: rgb(187, 187, 187); position: absolute; bottom: 100px; left: 0px;"
              >
                <div
                  data-testid="elevator-0-door-closed"
                  style="display: flex; height: 100%; width: 100%; justify-content: space-between;"
                >
                  <div
                    style="background: rgb(229, 229, 229); height: 100%; width: 50%;"
                  />
                  <div
                    style="background: rgb(229, 229, 229); height: 100%; width: 50%;"
                  />
                </div>
              </div>
            </th>
            <th
              data-testid="elevator-1"
              style="text-align: center; position: relative; overflow: visible;"
            >
              <div>
                <button
                  class="ui button info"
                  data-testid="elevator-1-button-floor-0"
                  style="padding: 10px; margin-top: 5px;"
                >
                  0
                </button>
                <button
                  class="ui button info"
                  data-testid="elevator-1-button-floor-1"
                  style="padding: 10px; margin-top: 5px;"
                >
                  1
                </button>
                <button
                  class="ui button info"
                  data-testid="elevator-1-button-floor-2"
                  style="padding: 10px; margin-top: 5px;"
                >
                  2
                </button>
                <button
                  class="ui button info"
                  data-testid="elevator-1-button-floor-3"
                  style="padding: 10px; margin-top: 5px;"
                >
                  3
                </button>
                <button
                  class="ui button info"
                  data-testid="elevator-1-button-floor-4"
                  style="padding: 10px; margin-top: 5px;"
                >
                  4
                </button>
              </div>
              <div
                style="height: 100px; width: 100%; background: rgb(187, 187, 187); position: absolute; bottom: 100px; left: 0px;"
              >
                <div
                  data-testid="elevator-1-door-closed"
                  style="display: flex; height: 100%; width: 100%; justify-content: space-between;"
                >
                  <div
                    style="background: rgb(229, 229, 229); height: 100%; width: 50%;"
                  />
                  <div
                    style="background: rgb(229, 229, 229); height: 100%; width: 50%;"
                  />
                </div>
              </div>
            </th>
            <th
              data-testid="elevator-2"
              style="text-align: center; position: relative; overflow: visible;"
            >
              <div>
                <button
                  class="ui button info"
                  data-testid="elevator-2-button-floor-0"
                  style="padding: 10px; margin-top: 5px;"
                >
                  0
                </button>
                <button
                  class="ui button info"
                  data-testid="elevator-2-button-floor-1"
                  style="padding: 10px; margin-top: 5px;"
                >
                  1
                </button>
                <button
                  class="ui button info"
                  data-testid="elevator-2-button-floor-2"
                  style="padding: 10px; margin-top: 5px;"
                >
                  2
                </button>
                <button
                  class="ui button info"
                  data-testid="elevator-2-button-floor-3"
                  style="padding: 10px; margin-top: 5px;"
                >
                  3
                </button>
                <button
                  class="ui button info"
                  data-testid="elevator-2-button-floor-4"
                  style="padding: 10px; margin-top: 5px;"
                >
                  4
                </button>
              </div>
              <div
                style="height: 100px; width: 100%; background: rgb(187, 187, 187); position: absolute; bottom: 100px; left: 0px;"
              >
                <div
                  data-testid="elevator-2-door-closed"
                  style="display: flex; height: 100%; width: 100%; justify-content: space-between;"
                >
                  <div
                    style="background: rgb(229, 229, 229); height: 100%; width: 50%;"
                  />
                  <div
                    style="background: rgb(229, 229, 229); height: 100%; width: 50%;"
                  />
                </div>
              </div>
            </th>
          </tr>
        </tfoot>
      </table>
    </div>
  </div>
</DocumentFragment>
`;
